// Jest Snapshot v1, https://goo.gl/fbAQLP

exports[`ListOutput renders correctly 1`] = `<!---->`;
