// Jest Snapshot v1, https://goo.gl/fbAQLP

exports[`Form renders correctly 1`] = `
<form
  id="synonym-form"
>
  <div>
    <input
      placeholder="Enter a Word Here!"
    />
     
    <button>
      
      Search
    
    </button>
  </div>
   
  <!---->
   
  <!---->
</form>
`;
